// Jest Snapshot v1, https://goo.gl/fbAQLP

exports[`Given a Loading Component When it's rendered Then it should always match this snapshot 1`] = `
<div
  className="sc-bczRLJ gwLzZc"
>
  <img
    alt="Loader"
    src="https://bernat-arcusa-front-final-project-202204-bcn.netlify.app/images/imageLogo.svg"
  />
</div>
`;
